*** Start analyzing build configuration ***
*** List of included argument files ***
    Build configuration file:  /home/student/jcichon/VIDIC_2025/.dvt/lab01.build
    -F /home/student/jcichon/VIDIC_2025/lab01/tb/tb.f
*** List of invocations ***
Invocation #1 +dvt_init+dvt in /home/student/jcichon/VIDIC_2025/.dvt/lab01.build at line 3
*** Done analyzing build configuration [5 ms] ***
*** Start SystemVerilog build ***
*** Invocation #1***
Loading (1) /home/student/jcichon/VIDIC_2025/common/simple_uart_switch.svp ...
Done /home/student/jcichon/VIDIC_2025/common/simple_uart_switch.svp [17 ms, 175 lines, SystemVerilog_2012] ...
Loading (2) /home/student/jcichon/VIDIC_2025/lab01/tb/simple_uart_switch_tb.sv ...
Done /home/student/jcichon/VIDIC_2025/lab01/tb/simple_uart_switch_tb.sv [23 ms, 277 lines, SystemVerilog_2012] ...
*** Done invocation #1 [39 ms] ***
*** Total number of lines [452] ***
Performing post full build actions ...
Performing post full build step 1 (SRI) [0 ms] ...
Performing post full build step 2 (RI) [0 ms] ...
Performing post full build step 3 (RCP) [0 ms] ...
*** Done SystemVerilog build [42 ms] ***
*** Start mixed mode extension build ***
Performing mixed post full build step (VLOG - RI) [0 ms] ...
*** Warning: UNSPECIFIED_TOP: Please specify a -top module/entity/configuration in the project build file
*** Top design candidates: work.top
Performing mixed post full build step (MIXED - ELAB) [207 ms] ...
Performing mixed post full build step (MIXED - UNEL) [51 ms] ...
*** Error: UNDECLARED_IDENTIFIER: Identifier 'op_set' is not declared
    at line 145 in /home/student/jcichon/VIDIC_2025/lab01/tb/simple_uart_switch_tb.sv [compile index 2]
*** Error: UNDECLARED_IDENTIFIER: Identifier 'A' is not declared
    at line 146 in /home/student/jcichon/VIDIC_2025/lab01/tb/simple_uart_switch_tb.sv [compile index 2]
*** Error: UNDECLARED_IDENTIFIER: Identifier 'B' is not declared
    at line 147 in /home/student/jcichon/VIDIC_2025/lab01/tb/simple_uart_switch_tb.sv [compile index 2]
*** Error: UNDECLARED_IDENTIFIER: Identifier 'start' is not declared
    at line 148 in /home/student/jcichon/VIDIC_2025/lab01/tb/simple_uart_switch_tb.sv [compile index 2]
*** Error: UNDECLARED_IDENTIFIER: Identifier 'op_set' is not declared
    at line 149 in /home/student/jcichon/VIDIC_2025/lab01/tb/simple_uart_switch_tb.sv [compile index 2]
*** Error: UNDECLARED_IDENTIFIER: Identifier 'start' is not declared
    at line 152 in /home/student/jcichon/VIDIC_2025/lab01/tb/simple_uart_switch_tb.sv [compile index 2]
*** Error: UNDECLARED_IDENTIFIER: Identifier 'done' is not declared
    at line 158 in /home/student/jcichon/VIDIC_2025/lab01/tb/simple_uart_switch_tb.sv [compile index 2]
*** Error: UNDECLARED_IDENTIFIER: Identifier 'start' is not declared
    at line 160 in /home/student/jcichon/VIDIC_2025/lab01/tb/simple_uart_switch_tb.sv [compile index 2]
*** Error: UNDECLARED_IDENTIFIER: Identifier 'A' is not declared
    at line 165 in /home/student/jcichon/VIDIC_2025/lab01/tb/simple_uart_switch_tb.sv [compile index 2]
*** Error: UNDECLARED_IDENTIFIER: Identifier 'B' is not declared
    at line 165 in /home/student/jcichon/VIDIC_2025/lab01/tb/simple_uart_switch_tb.sv [compile index 2]
*** Error: UNDECLARED_IDENTIFIER: Identifier 'op_set' is not declared
    at line 165 in /home/student/jcichon/VIDIC_2025/lab01/tb/simple_uart_switch_tb.sv [compile index 2]
*** Error: UNDECLARED_IDENTIFIER: Identifier 'result' is not declared
    at line 166 in /home/student/jcichon/VIDIC_2025/lab01/tb/simple_uart_switch_tb.sv [compile index 2]
*** Error: UNDECLARED_IDENTIFIER: Identifier 'A' is not declared
    at line 172 in /home/student/jcichon/VIDIC_2025/lab01/tb/simple_uart_switch_tb.sv [compile index 2]
*** Error: UNDECLARED_IDENTIFIER: Identifier 'B' is not declared
    at line 172 in /home/student/jcichon/VIDIC_2025/lab01/tb/simple_uart_switch_tb.sv [compile index 2]
*** Error: UNDECLARED_IDENTIFIER: Identifier 'op' is not declared
    at line 172 in /home/student/jcichon/VIDIC_2025/lab01/tb/simple_uart_switch_tb.sv [compile index 2]
*** Error: UNDECLARED_IDENTIFIER: Identifier 'result' is not declared
    at line 173 in /home/student/jcichon/VIDIC_2025/lab01/tb/simple_uart_switch_tb.sv [compile index 2]
*** Error: UNDECLARED_IDENTIFIER: Identifier 'start' is not declared
    at line 195 in /home/student/jcichon/VIDIC_2025/lab01/tb/simple_uart_switch_tb.sv [compile index 2]
*** Error: UNDECLARED_IDENTIFIER: Identifier 'reset_n' is not declared
    at line 196 in /home/student/jcichon/VIDIC_2025/lab01/tb/simple_uart_switch_tb.sv [compile index 2]
*** Error: UNDECLARED_IDENTIFIER: Identifier 'reset_n' is not declared
    at line 198 in /home/student/jcichon/VIDIC_2025/lab01/tb/simple_uart_switch_tb.sv [compile index 2]
Performing mixed post full build step (VLOG - RD) [1 ms] ...
Performing mixed post full build step (VLOG - FSC) [51 ms] ...
Performing mixed post full build step (VLOG - EV) [50 ms] ...
Performing mixed post full build step (VLOG - ELPC) [0 ms] ...
Performing mixed post full build step (VLOG - US) [50 ms] ...
*** Warning: SIGNAL_NEVER_USED: Signal 'clk' is never used
    at line 26 in /home/student/jcichon/VIDIC_2025/common/simple_uart_switch.svp [compile index 1]
*** Warning: SIGNAL_NEVER_USED: Signal 'rst_n' is never used
    at line 27 in /home/student/jcichon/VIDIC_2025/common/simple_uart_switch.svp [compile index 1]
*** Warning: SIGNAL_NEVER_USED: Signal 'prog' is never used
    at line 28 in /home/student/jcichon/VIDIC_2025/common/simple_uart_switch.svp [compile index 1]
*** Warning: SIGNAL_NEVER_USED: Signal 'sin' is never used
    at line 29 in /home/student/jcichon/VIDIC_2025/common/simple_uart_switch.svp [compile index 1]
*** Warning: SIGNAL_NEVER_USED: Signal 'sout0' is never used
    at line 30 in /home/student/jcichon/VIDIC_2025/common/simple_uart_switch.svp [compile index 1]
*** Warning: SIGNAL_NEVER_USED: Signal 'sout1' is never used
    at line 31 in /home/student/jcichon/VIDIC_2025/common/simple_uart_switch.svp [compile index 1]
*** Warning: PARAMETER_NEVER_USED: Parameter 'CLKS_PER_BIT' is never used
    at line 34 in /home/student/jcichon/VIDIC_2025/common/simple_uart_switch.svp [compile index 1]
*** Warning: SIGNAL_NEVER_WRITTEN: Signal 'rst_n' is never written (connected to sub-instance input port)
    at line 55 in /home/student/jcichon/VIDIC_2025/lab01/tb/simple_uart_switch_tb.sv [compile index 2]
*** Warning: SIGNAL_NEVER_WRITTEN: Signal 'prog' is never written (connected to sub-instance input port)
    at line 56 in /home/student/jcichon/VIDIC_2025/lab01/tb/simple_uart_switch_tb.sv [compile index 2]
*** Warning: SIGNAL_NEVER_WRITTEN: Signal 'sin' is never written (connected to sub-instance input port)
    at line 57 in /home/student/jcichon/VIDIC_2025/lab01/tb/simple_uart_switch_tb.sv [compile index 2]
*** Warning: SIGNAL_NEVER_READ: Signal 'sout0' is never read (connected to sub-instance output port)
    at line 58 in /home/student/jcichon/VIDIC_2025/lab01/tb/simple_uart_switch_tb.sv [compile index 2]
*** Warning: SIGNAL_NEVER_READ: Signal 'sout1' is never read (connected to sub-instance output port)
    at line 59 in /home/student/jcichon/VIDIC_2025/lab01/tb/simple_uart_switch_tb.sv [compile index 2]
*** Done mixed mode extension build [411 ms] ***
*** Total build time [459 ms] ***
